// Jest Snapshot v1, https://goo.gl/fbAQLP

exports[`Change Mining Fees should render with custom props 1`] = `
<SceneWrapper
  avoidKeyboard={true}
  background="theme"
  hasTabs={false}
>
  <WithTheme(SceneHeaderComponent)
    title="Change Mining Fee"
    underline={true}
    withTopMargin={true}
  />
  <ScrollView>
    <WithTheme(SettingsRadioRowComponent)
      onPress={[Function]}
      text="High"
      value={false}
    >
      <Icon
        allowFontScaling={false}
        color="#66EDA8"
        name="speedometer"
        size={28}
      />
    </WithTheme(SettingsRadioRowComponent)>
    <WithTheme(SettingsRadioRowComponent)
      onPress={[Function]}
      text="Optimal"
      value={true}
    >
      <Icon
        allowFontScaling={false}
        color="#66EDA8"
        name="speedometer-medium"
        size={28}
      />
    </WithTheme(SettingsRadioRowComponent)>
    <WithTheme(SettingsRadioRowComponent)
      onPress={[Function]}
      text="Low"
      value={false}
    >
      <Icon
        allowFontScaling={false}
        color="#66EDA8"
        name="speedometer-slow"
        size={28}
      />
    </WithTheme(SettingsRadioRowComponent)>
    <WithTheme(SettingsRadioRowComponent)
      onPress={[Function]}
      text="Custom"
      value={false}
    >
      <Icon
        allowFontScaling={false}
        color="#66EDA8"
        name="gear"
        size={28}
      />
    </WithTheme(SettingsRadioRowComponent)>
    <MainButton
      alignSelf="center"
      label="Done"
      marginRem={2}
      onPress={[Function]}
      type="secondary"
    />
  </ScrollView>
</SceneWrapper>
`;

exports[`Change Mining Fees should render with high props 1`] = `
<SceneWrapper
  avoidKeyboard={true}
  background="theme"
  hasTabs={false}
>
  <WithTheme(SceneHeaderComponent)
    title="Change Mining Fee"
    underline={true}
    withTopMargin={true}
  />
  <ScrollView>
    <WithTheme(SettingsRadioRowComponent)
      onPress={[Function]}
      text="High"
      value={false}
    >
      <Icon
        allowFontScaling={false}
        color="#66EDA8"
        name="speedometer"
        size={28}
      />
    </WithTheme(SettingsRadioRowComponent)>
    <WithTheme(SettingsRadioRowComponent)
      onPress={[Function]}
      text="Optimal"
      value={true}
    >
      <Icon
        allowFontScaling={false}
        color="#66EDA8"
        name="speedometer-medium"
        size={28}
      />
    </WithTheme(SettingsRadioRowComponent)>
    <WithTheme(SettingsRadioRowComponent)
      onPress={[Function]}
      text="Low"
      value={false}
    >
      <Icon
        allowFontScaling={false}
        color="#66EDA8"
        name="speedometer-slow"
        size={28}
      />
    </WithTheme(SettingsRadioRowComponent)>
    <WithTheme(SettingsRadioRowComponent)
      onPress={[Function]}
      text="Custom"
      value={false}
    >
      <Icon
        allowFontScaling={false}
        color="#66EDA8"
        name="gear"
        size={28}
      />
    </WithTheme(SettingsRadioRowComponent)>
    <MainButton
      alignSelf="center"
      label="Done"
      marginRem={2}
      onPress={[Function]}
      type="secondary"
    />
  </ScrollView>
</SceneWrapper>
`;

exports[`Change Mining Fees should render with low props 1`] = `
<SceneWrapper
  avoidKeyboard={true}
  background="theme"
  hasTabs={false}
>
  <WithTheme(SceneHeaderComponent)
    title="Change Mining Fee"
    underline={true}
    withTopMargin={true}
  />
  <ScrollView>
    <WithTheme(SettingsRadioRowComponent)
      onPress={[Function]}
      text="High"
      value={false}
    >
      <Icon
        allowFontScaling={false}
        color="#66EDA8"
        name="speedometer"
        size={28}
      />
    </WithTheme(SettingsRadioRowComponent)>
    <WithTheme(SettingsRadioRowComponent)
      onPress={[Function]}
      text="Optimal"
      value={true}
    >
      <Icon
        allowFontScaling={false}
        color="#66EDA8"
        name="speedometer-medium"
        size={28}
      />
    </WithTheme(SettingsRadioRowComponent)>
    <WithTheme(SettingsRadioRowComponent)
      onPress={[Function]}
      text="Low"
      value={false}
    >
      <Icon
        allowFontScaling={false}
        color="#66EDA8"
        name="speedometer-slow"
        size={28}
      />
    </WithTheme(SettingsRadioRowComponent)>
    <WithTheme(SettingsRadioRowComponent)
      onPress={[Function]}
      text="Custom"
      value={false}
    >
      <Icon
        allowFontScaling={false}
        color="#66EDA8"
        name="gear"
        size={28}
      />
    </WithTheme(SettingsRadioRowComponent)>
    <MainButton
      alignSelf="center"
      label="Done"
      marginRem={2}
      onPress={[Function]}
      type="secondary"
    />
  </ScrollView>
</SceneWrapper>
`;

exports[`Change Mining Fees should render with standard props 1`] = `
<SceneWrapper
  avoidKeyboard={true}
  background="theme"
  hasTabs={false}
>
  <WithTheme(SceneHeaderComponent)
    title="Change Mining Fee"
    underline={true}
    withTopMargin={true}
  />
  <ScrollView>
    <WithTheme(SettingsRadioRowComponent)
      onPress={[Function]}
      text="High"
      value={false}
    >
      <Icon
        allowFontScaling={false}
        color="#66EDA8"
        name="speedometer"
        size={28}
      />
    </WithTheme(SettingsRadioRowComponent)>
    <WithTheme(SettingsRadioRowComponent)
      onPress={[Function]}
      text="Optimal"
      value={true}
    >
      <Icon
        allowFontScaling={false}
        color="#66EDA8"
        name="speedometer-medium"
        size={28}
      />
    </WithTheme(SettingsRadioRowComponent)>
    <WithTheme(SettingsRadioRowComponent)
      onPress={[Function]}
      text="Low"
      value={false}
    >
      <Icon
        allowFontScaling={false}
        color="#66EDA8"
        name="speedometer-slow"
        size={28}
      />
    </WithTheme(SettingsRadioRowComponent)>
    <WithTheme(SettingsRadioRowComponent)
      onPress={[Function]}
      text="Custom"
      value={false}
    >
      <Icon
        allowFontScaling={false}
        color="#66EDA8"
        name="gear"
        size={28}
      />
    </WithTheme(SettingsRadioRowComponent)>
    <MainButton
      alignSelf="center"
      label="Done"
      marginRem={2}
      onPress={[Function]}
      type="secondary"
    />
  </ScrollView>
</SceneWrapper>
`;
