// Jest Snapshot v1, https://goo.gl/fbAQLP

exports[`CurrencySettings should render 1`] = `
<SceneWrapper
  background="theme"
  hasTabs={false}
>
  <ScrollView>
    <WithTheme(SettingsHeaderRowComponent)
      label="Denominations"
    />
    <WithTheme(SettingsRadioRowComponent)
      onPress={[Function]}
      value={false}
    >
      <Text
        style={
          Object {
            "color": "#FFFFFF",
            "flexShrink": 1,
            "fontFamily": "Quicksand-Regular",
            "fontSize": 22,
            "textAlign": "left",
          }
        }
      >
        <Text
          style={
            Object {
              "fontFamily": "Quicksand-Regular",
            }
          }
        >
          ₿
        </Text>
         - BTG
      </Text>
    </WithTheme(SettingsRadioRowComponent)>
    <WithTheme(SettingsRadioRowComponent)
      onPress={[Function]}
      value={false}
    >
      <Text
        style={
          Object {
            "color": "#FFFFFF",
            "flexShrink": 1,
            "fontFamily": "Quicksand-Regular",
            "fontSize": 22,
            "textAlign": "left",
          }
        }
      >
        <Text
          style={
            Object {
              "fontFamily": "Quicksand-Regular",
            }
          }
        >
          m₿
        </Text>
         - mBTG
      </Text>
    </WithTheme(SettingsRadioRowComponent)>
    <WithTheme(SettingsRadioRowComponent)
      onPress={[Function]}
      value={true}
    >
      <Text
        style={
          Object {
            "color": "#FFFFFF",
            "flexShrink": 1,
            "fontFamily": "Quicksand-Regular",
            "fontSize": 22,
            "textAlign": "left",
          }
        }
      >
        <Text
          style={
            Object {
              "fontFamily": "Quicksand-Regular",
            }
          }
        >
          ƀ
        </Text>
         - bits
      </Text>
    </WithTheme(SettingsRadioRowComponent)>
  </ScrollView>
</SceneWrapper>
`;
