// Jest Snapshot v1, https://goo.gl/fbAQLP

exports[`GuiPlugins tools filter android + US as expected 1`] = `
Array [
  Object {
    "addOnUrl": "",
    "cryptoCodes": Array [],
    "description": "",
    "paymentType": "credit",
    "pluginId": "phony",
    "title": "Credit card",
  },
  Object {
    "addOnUrl": "",
    "cryptoCodes": Array [],
    "description": "",
    "paymentType": Object {
      "hack": true,
      "wire": true,
    },
    "pluginId": "gox",
    "title": "Wire transfer",
  },
]
`;

exports[`GuiPlugins tools filter ios + JP as expected 1`] = `
Array [
  Object {
    "addOnUrl": "",
    "cryptoCodes": Array [],
    "description": "",
    "paymentType": Object {
      "hack": true,
      "wire": true,
    },
    "pluginId": "gox",
    "title": "Nice lawsuit",
  },
]
`;

exports[`GuiPlugins tools filter ios + US as expected 1`] = `
Array [
  Object {
    "addOnUrl": "/applePay",
    "cryptoCodes": Array [],
    "description": "",
    "paymentType": "applepay",
    "pluginId": "phony",
    "title": "Apple Pay",
  },
  Object {
    "addOnUrl": "",
    "cryptoCodes": Array [],
    "description": "",
    "paymentType": Object {
      "hack": true,
      "wire": true,
    },
    "pluginId": "gox",
    "title": "Wire transfer",
  },
  Object {
    "addOnUrl": "",
    "cryptoCodes": Array [],
    "description": "",
    "paymentType": "credit",
    "pluginId": "phony",
    "title": "Credit card",
  },
]
`;

exports[`Production plugin data Buy plugins match snapshot on android + IL 1`] = `
Array [
  Object {
    "addOnUrl": "buy?order_id=null&page=0",
    "cryptoCodes": Array [
      "BTC",
    ],
    "description": "Fee: ~6.5% / Settlement: 1-48 hours
Limit: â‚¬5000/day",
    "partnerIconPath": "https://edge.app/wp-content/uploads/2019/08/bits-of-gold-logo-sm.png",
    "paymentType": "bank",
    "paymentTypeLogoKey": "bank",
    "pluginId": "bitsofgold",
    "title": "Israeli Bank Transfer",
  },
  Object {
    "addOnUrl": "",
    "cryptoCodes": Array [
      "BTC",
      "BCH",
      "ETH",
      "LTC",
      "XRP",
    ],
    "description": "Fee: ~7% / Settlement: 10-30 minutes
Limit: $18000/day",
    "partnerIconPath": "https://edge.app/wp-content/uploads/2019/03/simplex-logo-sm-square.png",
    "paymentType": "credit",
    "paymentTypeLogoKey": "credit",
    "pluginId": "simplex",
    "title": "Credit and Debit Card",
  },
]
`;

exports[`Production plugin data Buy plugins match snapshot on iOS + US 1`] = `
Array [
  Object {
    "addOnUrl": "",
    "cryptoCodes": Array [
      "BTC",
      "ETH",
      "DAI",
    ],
    "description": "Fee: 1% / Settlement: 1-5 days
Limit: $2500/week",
    "partnerIconPath": "https://edge.app/wp-content/uploads/2019/01/wyre-logo-square-small.png",
    "paymentType": "bank",
    "paymentTypeLogoKey": "bank",
    "pluginId": "wyre",
    "title": "ACH Bank Transfer",
  },
  Object {
    "addOnUrl": "",
    "cryptoCodes": Array [
      "BTC",
      "BCH",
      "ETH",
      "LTC",
      "XRP",
    ],
    "description": "Fee: ~7% / Settlement: 10-30 minutes
Limit: $18000/day",
    "partnerIconPath": "https://edge.app/wp-content/uploads/2019/03/simplex-logo-sm-square.png",
    "paymentType": "credit",
    "paymentTypeLogoKey": "credit",
    "pluginId": "simplex",
    "title": "Credit and Debit Card",
  },
  Object {
    "addOnUrl": "",
    "cryptoCodes": Array [
      "BTC",
      "BCH",
      "ETH",
      "DAI",
      "LTC",
      "EOS",
      "XRP",
      "XLM",
      "BAT",
      "BNB",
      "PAX",
      "TUSD",
      "USDC",
      "USDT",
    ],
    "description": "Fee: 6.5% / Settlement: 10 minutes
Limit: $2000/day",
    "partnerIconPath": "https://edge.app/wp-content/uploads/2019/05/icon_black_small.png",
    "paymentType": Object {
      "applepay": true,
      "credit": true,
    },
    "paymentTypeLogoKey": "applepay",
    "pluginId": "moonpay",
    "title": "Apple Pay and Credit Card",
  },
  Object {
    "addOnUrl": "",
    "cryptoCodes": Array [
      "BTC",
    ],
    "description": "Fee: 3-8% / Settlement: Instant
Limit: $200 - $3000/day",
    "partnerIconPath": "https://edge.app/wp-content/uploads/2019/05/libertyXlogo.png",
    "paymentType": Object {
      "cash": true,
      "credit": true,
    },
    "paymentTypeLogoKey": "cash",
    "pluginId": "libertyx",
    "title": "Cash and Debit Card",
  },
]
`;

exports[`Production plugin data Sell plugins match snapshot on iOS + US 1`] = `
Array [
  Object {
    "addOnUrl": "",
    "cryptoCodes": Array [
      "BTC",
      "ETH",
      "DAI",
    ],
    "description": "Fee: 1% / Settlement: 1-5 days
Limit: Unlimited",
    "partnerIconPath": "https://edge.app/wp-content/uploads/2019/01/wyre-logo-square-small.png",
    "paymentType": "bank",
    "paymentTypeLogoKey": "bank",
    "pluginId": "wyre",
    "title": "ACH Bank Transfer",
  },
  Object {
    "addOnUrl": "",
    "cryptoCodes": Array [
      "BTC",
      "DASH",
      "DOGE",
      "ETH",
      "LTC",
    ],
    "description": "Buy gift cards and reload phones with crypto",
    "partnerIconPath": "https://edge.app/wp-content/uploads/2019/01/bitrefill-2.png",
    "paymentType": "giftcard",
    "paymentTypeLogoKey": "giftcard",
    "pluginId": "bitrefill",
    "title": "Gift Cards",
  },
]
`;
