// Jest Snapshot v1, https://goo.gl/fbAQLP

exports[`On-Boarding Component should render without props 1`] = `
<View
  style={
    Object {
      "backgroundColor": "#0D2145",
      "bottom": 0,
      "left": 0,
      "position": "absolute",
      "right": 0,
      "top": 0,
    }
  }
>
  <AnimatedComponent
    style={
      Array [
        Object {
          "alignItems": "stretch",
          "bottom": 0,
          "flexDirection": "row",
          "position": "absolute",
          "top": 0,
        },
        Object {
          "left": 0,
        },
      ]
    }
  >
    <GestureRecognizer
      config={
        Object {
          "directionalOffsetThreshold": 200,
          "velocityThreshold": 0.6,
        }
      }
      onSwipeLeft={[Function]}
      onSwipeRight={[Function]}
      style={
        Object {
          "width": 750,
        }
      }
    >
      <Image
        source={
          Object {
            "uri": "onboard1",
          }
        }
        style={
          Object {
            "bottom": 0,
            "left": 0,
            "position": "absolute",
            "resizeMode": "stretch",
            "right": 0,
            "top": 0,
          }
        }
      />
      <Text
        style={
          Array [
            Object {
              "color": "#FFFFFF",
              "fontFamily": "SourceSansPro-Bold",
              "fontSize": 18,
              "paddingHorizontal": 28.091549295774648,
              "position": "absolute",
              "textAlign": "center",
              "width": "100%",
            },
            Object {
              "top": "55%",
            },
          ]
        }
      >
        Tap [+] to create new wallets for other cryptocurrencies.

Tap on a wallet name to send or receive funds for that wallet.
      </Text>
    </GestureRecognizer>
    <GestureRecognizer
      config={
        Object {
          "directionalOffsetThreshold": 200,
          "velocityThreshold": 0.6,
        }
      }
      onSwipeLeft={[Function]}
      onSwipeRight={[Function]}
      style={
        Object {
          "width": 750,
        }
      }
    >
      <Image
        source={
          Object {
            "uri": "onboard2",
          }
        }
        style={
          Object {
            "bottom": 0,
            "left": 0,
            "position": "absolute",
            "resizeMode": "stretch",
            "right": 0,
            "top": 0,
          }
        }
      />
      <Text
        style={
          Array [
            Object {
              "color": "#FFFFFF",
              "fontFamily": "SourceSansPro-Bold",
              "fontSize": 18,
              "paddingHorizontal": 28.091549295774648,
              "position": "absolute",
              "textAlign": "center",
              "width": "100%",
            },
            Object {
              "top": "55%",
            },
          ]
        }
      >
        Tap the 3 dots to the right of an Ethereum wallet to add token support.
      </Text>
    </GestureRecognizer>
    <GestureRecognizer
      config={
        Object {
          "directionalOffsetThreshold": 200,
          "velocityThreshold": 0.6,
        }
      }
      onSwipeLeft={[Function]}
      onSwipeRight={[Function]}
      style={
        Object {
          "width": 750,
        }
      }
    >
      <Image
        source={
          Object {
            "uri": "onboard3",
          }
        }
        style={
          Object {
            "bottom": 0,
            "left": 0,
            "position": "absolute",
            "resizeMode": "stretch",
            "right": 0,
            "top": 0,
          }
        }
      />
      <Text
        style={
          Array [
            Object {
              "color": "#FFFFFF",
              "fontFamily": "SourceSansPro-Bold",
              "fontSize": 18,
              "paddingHorizontal": 28.091549295774648,
              "position": "absolute",
              "textAlign": "center",
              "width": "100%",
            },
            Object {
              "top": "60%",
            },
          ]
        }
      >
        To receive cryptocurrency, [Copy] or [Share] your wallet address, or have the sender scan your QR code presented here at the Request Screen.
      </Text>
    </GestureRecognizer>
    <GestureRecognizer
      config={
        Object {
          "directionalOffsetThreshold": 200,
          "velocityThreshold": 0.6,
        }
      }
      onSwipeLeft={[Function]}
      onSwipeRight={[Function]}
      style={
        Object {
          "width": 750,
        }
      }
    >
      <Image
        source={
          Object {
            "uri": "onboard4",
          }
        }
        style={
          Object {
            "bottom": 0,
            "left": 0,
            "position": "absolute",
            "resizeMode": "stretch",
            "right": 0,
            "top": 0,
          }
        }
      />
      <Text
        style={
          Array [
            Object {
              "color": "#FFFFFF",
              "fontFamily": "SourceSansPro-Bold",
              "fontSize": 18,
              "paddingHorizontal": 28.091549295774648,
              "position": "absolute",
              "textAlign": "center",
              "width": "100%",
            },
            Object {
              "top": "55%",
            },
          ]
        }
      >
        To send cryptocurrency scan a friend's QR code here, or paste the code via the [Address] button.
      </Text>
    </GestureRecognizer>
    <GestureRecognizer
      config={
        Object {
          "directionalOffsetThreshold": 200,
          "velocityThreshold": 0.6,
        }
      }
      onSwipeLeft={[Function]}
      onSwipeRight={[Function]}
      style={
        Object {
          "width": 750,
        }
      }
    >
      <Image
        source={
          Object {
            "uri": "onboard5",
          }
        }
        style={
          Object {
            "bottom": 0,
            "left": 0,
            "position": "absolute",
            "resizeMode": "stretch",
            "right": 0,
            "top": 0,
          }
        }
      />
      <Text
        style={
          Array [
            Object {
              "color": "#FFFFFF",
              "fontFamily": "SourceSansPro-Bold",
              "fontSize": 18,
              "paddingHorizontal": 28.091549295774648,
              "position": "absolute",
              "textAlign": "center",
              "width": "100%",
            },
            Object {
              "top": "55%",
            },
          ]
        }
      >
        Exchange cryptocurrencies by choosing the Source Wallet and Receiving Wallet to trade between them.
      </Text>
    </GestureRecognizer>
  </AnimatedComponent>
  <View
    style={
      Object {
        "position": "absolute",
        "right": "4%",
        "top": "4%",
      }
    }
  >
    <TextButton
      onPress={[Function]}
    >
      <Text
        style={
          Object {
            "color": "#FFFFFF",
            "fontSize": 22.473239436619718,
            "lineHeight": 22.473239436619718,
          }
        }
      >
        Skip
      </Text>
    </TextButton>
  </View>
  <PagingDotsComponent
    currentIndex={0}
    styles={
      Object {
        "circle": Object {
          "backgroundColor": "#87939E",
          "borderRadius": 8,
          "height": 15,
          "marginRight": 5,
          "width": 15,
        },
        "circleSected": Object {
          "backgroundColor": "#66EDA8",
          "borderRadius": 8,
          "height": 15,
          "marginRight": 5,
          "width": 15,
        },
        "container": Object {
          "alignItems": "center",
          "flexDirection": "row",
          "height": 28.091549295774648,
          "justifyContent": "center",
          "left": 0,
          "position": "absolute",
          "right": 0,
          "top": "77%",
        },
      }
    }
    totalItems={5}
  />
  <View
    style={
      Object {
        "alignItems": "center",
        "flexDirection": "column",
        "justifyContent": "space-around",
        "position": "absolute",
        "top": "82%",
        "width": "100%",
      }
    }
  >
    <PrimaryButton
      onPress={[Function]}
      style={
        Object {
          "width": "30%",
        }
      }
    >
      <Text
        style={
          Object {
            "color": "#FFFFFF",
            "fontSize": 22.473239436619718,
            "lineHeight": 22.473239436619718,
          }
        }
      >
        Next
      </Text>
    </PrimaryButton>
  </View>
</View>
`;
