// Jest Snapshot v1, https://goo.gl/fbAQLP

exports[`MyComponent should render Locked SettingsOverview 1`] = `
<Context.Consumer>
  [Function]
</Context.Consumer>
`;

exports[`MyComponent should render UnLocked SettingsOverview 1`] = `
<Context.Consumer>
  [Function]
</Context.Consumer>
`;
