// Jest Snapshot v1, https://goo.gl/fbAQLP

exports[`reducer initial state 1`] = `
Object {
  "viewXPubWalletModalVisible": false,
  "walletId": "",
  "xPubExplorer": "",
  "xPubSyntax": "",
}
`;

exports[`reducer open viewxpub wallet modal 1`] = `
Object {
  "viewXPubWalletModalVisible": true,
  "walletId": "VIEWXPUB WALLET ID",
  "xPubExplorer": "",
  "xPubSyntax": "VIEWXPUB xpub1892736451987263r",
}
`;
