// Jest Snapshot v1, https://goo.gl/fbAQLP

exports[`EdgeLoginScene should render with loading props 1`] = `
<Context.Provider
  value={
    Object {
      "store": Object {
        "@@observable": [Function],
        "dispatch": [Function],
        "getState": [Function],
        "replaceReducer": [Function],
        "subscribe": [Function],
      },
      "subscription": Subscription {
        "handleChangeWrapper": [Function],
        "listeners": Object {
          "notify": [Function],
        },
        "onStateChange": [Function],
        "parentSub": undefined,
        "store": Object {
          "@@observable": [Function],
          "dispatch": [Function],
          "getState": [Function],
          "replaceReducer": [Function],
          "subscribe": [Function],
        },
        "unsubscribe": null,
      },
    }
  }
>
  <EdgeLoginScene
    navigation={
      Object {
        "addListener": [Function],
        "closeDrawer": [Function],
        "getState": [Function],
        "goBack": [Function],
        "isFocused": [Function],
        "navigate": [Function],
        "openDrawer": [Function],
        "pop": [Function],
        "popToTop": [Function],
        "push": [Function],
        "replace": [Function],
        "setParams": [Function],
        "toggleDrawer": [Function],
      }
    }
    route={
      Object {
        "name": "edgeLogin",
        "params": Object {
          "lobbyId": "AmNsSBDVeF2837",
        },
      }
    }
  />
</Context.Provider>
`;
