// Jest Snapshot v1, https://goo.gl/fbAQLP

exports[`EditTokenComponent should render with loading props 1`] = `
<SceneWrapper
  avoidKeyboard={true}
  background="body"
>
  [Function]
</SceneWrapper>
`;
