// Jest Snapshot v1, https://goo.gl/fbAQLP

exports[`ExchangeQuote should render with loading props 1`] = `
<WithTheme(CardComponent)>
  <WithTheme(CardContentComponent)
    image={
      <FastImage
        source={
          Object {
            "uri": "/assets/images/createWallet/wallet_icon_lg.png",
          }
        }
        style={
          Object {
            "height": 34,
            "resizeMode": "contain",
            "width": 34,
          }
        }
      />
    }
    subTitle="myWallet"
    subValue="40000 USD"
    title="BTC"
    value="1 BTC"
  />
  <React.Fragment>
    <WithTheme(DataRowComponent)
      label={
        <WithTheme(EdgeTextComponent)
          style={
            Object {
              "fontSize": 17,
              "fontWeight": "600",
            }
          }
        >
          Max network fee
        </WithTheme(EdgeTextComponent)>
      }
      marginRem={
        Array [
          1,
          0,
          0,
        ]
      }
      value={
        <WithTheme(EdgeTextComponent)
          style={
            Object {
              "fontSize": 17,
              "fontWeight": "600",
            }
          }
        >
          1
        </WithTheme(EdgeTextComponent)>
      }
    />
    <WithTheme(DataRowComponent)
      label={
        <WithTheme(EdgeTextComponent)
          style={
            Object {
              "fontSize": 17,
              "fontWeight": "600",
            }
          }
        >
          Total Amount
        </WithTheme(EdgeTextComponent)>
      }
      value={
        <WithTheme(EdgeTextComponent)
          style={
            Object {
              "fontSize": 17,
              "fontWeight": "600",
            }
          }
        >
          40001 USD
        </WithTheme(EdgeTextComponent)>
      }
    />
  </React.Fragment>
</WithTheme(CardComponent)>
`;
