// Jest Snapshot v1, https://goo.gl/fbAQLP

exports[`MenuTabs should render with loading props 1`] = `
<View>
  <DividerLine
    colors={
      Array [
        "#121d25",
        "#121d25",
      ]
    }
  />
  <LinearGradient
    colors={
      Array [
        "#121d25",
        "#121d25",
      ]
    }
    end={
      Object {
        "x": 1,
        "y": 1,
      }
    }
    start={
      Object {
        "x": 0,
        "y": 0,
      }
    }
    style={
      Object {
        "alignItems": "center",
        "flexDirection": "row",
        "justifyContent": "center",
      }
    }
  />
</View>
`;
