// Jest Snapshot v1, https://goo.gl/fbAQLP

exports[`WalletListRow should render with loading props 1`] = `
<TouchableOpacity
  onLongPress={[Function]}
  onPress={[Function]}
  style={
    Object {
      "alignItems": "center",
      "flexDirection": "row",
      "justifyContent": "center",
      "minHeight": 96,
    }
  }
>
  <Memo(CurrencyIconComponent)
    currencyCode="BTC"
    marginRem={1}
    sizeRem={2}
  />
  <View
    style={
      Object {
        "flexDirection": "column",
        "flexGrow": 1,
        "flexShrink": 1,
        "marginRight": 11,
      }
    }
  >
    <View
      style={
        Object {
          "alignItems": "center",
          "flexDirection": "row",
          "justifyContent": "flex-start",
        }
      }
    >
      <WithTheme(EdgeTextComponent)
        style={
          Object {
            "flexBasis": "auto",
            "flexShrink": 1,
            "fontFamily": "Quicksand-Medium",
          }
        }
      >
        BTC
      </WithTheme(EdgeTextComponent)>
    </View>
    <WithTheme(EdgeTextComponent)
      style={
        Object {
          "color": "#A4C7DF",
          "fontSize": 17,
        }
      }
    >
      My bitcoin wallet
    </WithTheme(EdgeTextComponent)>
  </View>
  <View
    style={
      Object {
        "paddingRight": 22,
      }
    }
  >
    Hello
  </View>
</TouchableOpacity>
`;
